# Documentation Audit Report

_Generated via tools/DocumentationAudit/documentation_audit.py_

Found 176 undocumented public/internal type declarations.

- src/runtime/WallstopStudios.NovaSharp.Interpreter/Compatibility/Attributes.cs
  - line 9: missing XML docs for `class ComVisibleAttribute`
  - line 14: missing XML docs for `class GuidAttribute`
- src/runtime/WallstopStudios.NovaSharp.Interpreter/CompiledScript.cs
  - line 621: missing XML docs for `ExecuteValues()`
- src/runtime/WallstopStudios.NovaSharp.Interpreter/CoreLib/DebugModule.cs
  - line 1468: missing XML docs for `Value`
  - line 1473: missing XML docs for `Function`
  - line 1474: missing XML docs for `Mask`
  - line 1475: missing XML docs for `Count`
  - line 1488: missing XML docs for `Upvalue`
  - line 1490: missing XML docs for `ReferenceId`
  - line 1492: missing XML docs for `ToString()`
  - line 1503: missing XML docs for `Name`
  - line 1505: missing XML docs for `Type`
  - line 1507: missing XML docs for `TryIndex()`
  - line 1519: missing XML docs for `SetIndex()`
  - line 1530: missing XML docs for `AsString()`
  - line 1540: missing XML docs for `TryMetaIndex()`
  - line 1546: missing XML docs for `IsTypeCompatible()`
- src/runtime/WallstopStudios.NovaSharp.Interpreter/CoreLib/IO/FileUserDataDescriptor.cs
  - line 21: missing XML docs for `Name`
  - line 23: missing XML docs for `Type`
  - line 25: missing XML docs for `Index()`
  - line 32: missing XML docs for `TryIndex()`
  - line 50: missing XML docs for `SetIndex()`
  - line 67: missing XML docs for `AsString()`
  - line 72: missing XML docs for `MetaIndex()`
  - line 79: missing XML docs for `TryMetaIndex()`
  - line 84: missing XML docs for `IsTypeCompatible()`
- src/runtime/WallstopStudios.NovaSharp.Interpreter/CoreLib/TableIteratorsModule.cs
  - line 29: missing XML docs for `NextArray`
  - line 31: missing XML docs for `Next`
- src/runtime/WallstopStudios.NovaSharp.Interpreter/CoreLib/TableModule.cs
  - line 36: missing XML docs for `Compare()`
- src/runtime/WallstopStudios.NovaSharp.Interpreter/CoreLib/Utf8Module.cs
  - line 34: missing XML docs for `Strict`
  - line 36: missing XML docs for `Lax`
- src/runtime/WallstopStudios.NovaSharp.Interpreter/DataStructs/CollectionPools.cs
  - line 148: missing XML docs for `GetStatistics()`
  - line 153: missing XML docs for `Trim()`
  - line 219: missing XML docs for `GetStatistics()`
  - line 224: missing XML docs for `Trim()`
  - line 278: missing XML docs for `GetStatistics()`
  - line 283: missing XML docs for `Trim()`
  - line 326: missing XML docs for `GetStatistics()`
  - line 331: missing XML docs for `Trim()`
  - line 374: missing XML docs for `GetStatistics()`
  - line 379: missing XML docs for `Trim()`
- src/runtime/WallstopStudios.NovaSharp.Interpreter/DataStructs/DynValueArrayPool.cs
  - line 62: missing XML docs for `Array`
  - line 64: missing XML docs for `ReturnedAt`
  - line 83: missing XML docs for `GetStatistics()`
  - line 88: missing XML docs for `Trim()`
  - line 289: missing XML docs for `GetStatistics()`
  - line 323: missing XML docs for `Trim()`
- src/runtime/WallstopStudios.NovaSharp.Interpreter/DataStructs/GenericPool.cs
  - line 29: missing XML docs for `Value`
  - line 31: missing XML docs for `ReturnedAt`
  - line 33: missing XML docs for `EstimatedSizeBytes`
- src/runtime/WallstopStudios.NovaSharp.Interpreter/DataStructs/ObjectArrayPool.cs
  - line 60: missing XML docs for `Array`
  - line 62: missing XML docs for `ReturnedAt`
  - line 81: missing XML docs for `GetStatistics()`
  - line 86: missing XML docs for `Trim()`
  - line 268: missing XML docs for `GetStatistics()`
  - line 302: missing XML docs for `Trim()`
- src/runtime/WallstopStudios.NovaSharp.Interpreter/DataStructs/PoolLifecycle.cs
  - line 89: missing XML docs for `Name`
  - line 91: missing XML docs for `RetainedCount`
  - line 93: missing XML docs for `EstimatedRetainedBytes`
  - line 95: missing XML docs for `PeakRetainedBytes`
  - line 97: missing XML docs for `TrimCount`
  - line 99: missing XML docs for `DroppedCount`
  - line 101: missing XML docs for `Empty()`
  - line 118: missing XML docs for `TrimmedCount`
  - line 120: missing XML docs for `EstimatedReleasedBytes`
  - line 122: missing XML docs for `Empty`
  - line 134: missing XML docs for `GetTimestamp()`
  - line 139: missing XML docs for `ToTimestampTicks()`
  - line 171: missing XML docs for `Register()`
  - line 187: missing XML docs for `Unregister()`
  - line 200: missing XML docs for `Trim()`
  - line 216: missing XML docs for `GetStatistics()`
  - line 270: missing XML docs for `class TestHooks`
  - line 272: missing XML docs for `IsRegistered()`
  - line 280: missing XML docs for `CountTargetsByName()`
  - line 298: missing XML docs for `SetClock()`
  - line 304: missing XML docs for `ResetClock()`
  - line 309: missing XML docs for `ResetPeakEstimatedRetainedBytes()`
- src/runtime/WallstopStudios.NovaSharp.Interpreter/DataStructs/SystemArrayPool.cs
  - line 47: missing XML docs for `EnsureRegistered()`
  - line 49: missing XML docs for `RecordDropped()`
  - line 54: missing XML docs for `GetStatistics()`
  - line 66: missing XML docs for `Trim()`
  - line 85: missing XML docs for `GetStatistics()`
  - line 90: missing XML docs for `Trim()`
  - line 97: missing XML docs for `class SystemArrayPool`
  - line 281: missing XML docs for `GetStatistics()`
  - line 286: missing XML docs for `Trim()`
- src/runtime/WallstopStudios.NovaSharp.Interpreter/DataTypes/CallbackFunction.cs
  - line 24: missing XML docs for `class SharedState`
  - line 26: missing XML docs for `AdditionalData`
- src/runtime/WallstopStudios.NovaSharp.Interpreter/DataTypes/Closure.cs
  - line 459: missing XML docs for `CallValues()`
- src/runtime/WallstopStudios.NovaSharp.Interpreter/DataTypes/Coroutine.cs
  - line 207: missing XML docs for `ResumeValues()`
  - line 455: missing XML docs for `ResumeValues()`
- src/runtime/WallstopStudios.NovaSharp.Interpreter/DataTypes/UserData.cs
  - line 682: missing XML docs for `Dispose()`
- src/runtime/WallstopStudios.NovaSharp.Interpreter/Errors/InterpreterException.cs
  - line 101: missing XML docs for `ErrorHandlerBeforeUnwindDecorated`
- src/runtime/WallstopStudios.NovaSharp.Interpreter/Execution/VM/CallStackItem.cs
  - line 55: missing XML docs for `HasErrorHandlerBeforeUnwind`
  - line 57: missing XML docs for `ErrorHandlerBeforeUnwindInProgress`
  - line 59: missing XML docs for `SetErrorHandlerBeforeUnwind()`
- src/runtime/WallstopStudios.NovaSharp.Interpreter/Execution/VM/CallStackItemPool.cs
  - line 61: missing XML docs for `Item`
  - line 63: missing XML docs for `ReturnedAt`
  - line 80: missing XML docs for `GetStatistics()`
  - line 85: missing XML docs for `Trim()`
  - line 169: missing XML docs for `GetStatistics()`
  - line 194: missing XML docs for `Trim()`
- src/runtime/WallstopStudios.NovaSharp.Interpreter/Execution/VM/Processor/ProcessorInstructionLoop.cs
  - line 43: missing XML docs for `ReturnAddress`
  - line 45: missing XML docs for `ErrorHandler`
  - line 47: missing XML docs for `Continuation`
  - line 49: missing XML docs for `ErrorHandlerBeforeUnwind`
  - line 51: missing XML docs for `HasErrorHandlerBeforeUnwind`
  - line 1553: missing XML docs for `Count`
- src/runtime/WallstopStudios.NovaSharp.Interpreter/Interop/BasicDescriptors/DispatchingUserDataDescriptor.cs
  - line 314: missing XML docs for `TryIndex()`
  - line 816: missing XML docs for `TryMetaIndex()`
- src/runtime/WallstopStudios.NovaSharp.Interpreter/Interop/CustomConverterRegistry.cs
  - line 52: missing XML docs for `Converter`
  - line 54: missing XML docs for `TryConverter`
- src/runtime/WallstopStudios.NovaSharp.Interpreter/Interop/UserDataAccess.cs
  - line 13: missing XML docs for `TryIndex()`
  - line 32: missing XML docs for `TryMetaIndex()`
  - line 50: missing XML docs for `TryIndex()`
  - line 68: missing XML docs for `TryMetaIndex()`
- src/runtime/WallstopStudios.NovaSharp.Interpreter/Interop/UserDataRegistries/ExtensionMethodsRegistry.cs
  - line 40: missing XML docs for `SyncRoot`
  - line 42: missing XML docs for `Registry`
  - line 44: missing XML docs for `UnresolvedGenerics`
  - line 46: missing XML docs for `ChangeVersion`
  - line 59: missing XML docs for `State`
  - line 61: missing XML docs for `Dispose()`
  - line 96: missing XML docs for `Clone()`
  - line 313: missing XML docs for `EnterIsolationScope()`
- src/runtime/WallstopStudios.NovaSharp.Interpreter/Script.cs
  - line 625: missing XML docs for `BeginDefaultOptionsScope()`
  - line 733: missing XML docs for `RegisterCoroutineForMemoryStatistics()`
  - line 4806: missing XML docs for `GetTrackedCoroutineCountForMemoryStatisticsForTests()`
  - line 4814: missing XML docs for `GetEstimatedScriptRetainedBytesForMemoryStatisticsForTests()`
  - line 4941: missing XML docs for `Dispose()`
- src/runtime/WallstopStudios.NovaSharp.Interpreter/Utilities/OneOf/FastOneOf2.cs
  - line 198: missing XML docs for `FromT0()`
  - line 211: missing XML docs for `FromT1()`
- src/runtime/WallstopStudios.NovaSharp.Interpreter/Utilities/OneOf/FastOneOf3.cs
  - line 280: missing XML docs for `FromT0()`
  - line 293: missing XML docs for `FromT1()`
  - line 306: missing XML docs for `FromT2()`
- src/runtime/WallstopStudios.NovaSharp.Interpreter/Utilities/OneOf/FastOneOf4.cs
  - line 366: missing XML docs for `FromT0()`
  - line 379: missing XML docs for `FromT1()`
  - line 392: missing XML docs for `FromT2()`
  - line 405: missing XML docs for `FromT3()`
- src/tooling/WallstopStudios.NovaSharp.Benchmarks/MemoryRetentionBenchmarks.cs
  - line 345: missing XML docs for `Rent()`
  - line 360: missing XML docs for `Return()`
  - line 417: missing XML docs for `RentBytes()`
  - line 424: missing XML docs for `RentInts()`
  - line 431: missing XML docs for `RentObjects()`
  - line 438: missing XML docs for `Dispose()`
- src/tooling/WallstopStudios.NovaSharp.Cli/ArgumentValidation.cs
  - line 10: missing XML docs for `ThrowIfNull()`
- src/tooling/WallstopStudios.NovaSharp.Cli/CliArgumentRegistry.cs
  - line 223: missing XML docs for `ForRepl()`
  - line 239: missing XML docs for `ForHelp()`
  - line 255: missing XML docs for `ForScript()`
  - line 271: missing XML docs for `ForExecute()`
  - line 290: missing XML docs for `ForHardwire()`
  - line 306: missing XML docs for `ForCommand()`
  - line 322: missing XML docs for `ForError()`
  - line 368: missing XML docs for `DumpFile`
  - line 369: missing XML docs for `DestinationFile`
  - line 370: missing XML docs for `AllowInternals`
  - line 371: missing XML docs for `UseVisualBasic`
  - line 372: missing XML docs for `ClassName`
  - line 373: missing XML docs for `NamespaceName`
- src/tooling/WallstopStudios.NovaSharp.LuaBatchRunner/LuaBatchRunner.cs
  - line 34: missing XML docs for `ExitCode`
  - line 86: missing XML docs for `FilterSupportedCoreModules()`
  - line 89: missing XML docs for `GetEnvironmentVariable()`
  - line 92: missing XML docs for `IsRunningOnAOT()`
  - line 94: missing XML docs for `GetPlatformName()`
  - line 96: missing XML docs for `DefaultPrint()`
  - line 98: missing XML docs for `DefaultInput()`
  - line 100: missing XML docs for `OpenFile()`
  - line 103: missing XML docs for `GetStandardStream()`
  - line 105: missing XML docs for `GetTempFileName()`
  - line 107: missing XML docs for `FileExists()`
  - line 109: missing XML docs for `DeleteFile()`
  - line 111: missing XML docs for `MoveFile()`
  - line 113: missing XML docs for `ExecuteCommand()`
  - line 211: missing XML docs for `ExitFast()`
  - line 251: missing XML docs for `class Program`
  - line 392: missing XML docs for `Main()`
